| Gin.go:23:10:23:29 | call to GetHeader |
| Gin.go:27:10:27:30 | call to QueryArray |
| Gin.go:31:10:31:25 | call to Query |
| Gin.go:35:10:35:33 | call to PostFormArray |
| Gin.go:39:10:39:28 | call to PostForm |
| Gin.go:43:10:43:25 | call to Param |
| Gin.go:47:10:47:34 | call to GetStringSlice |
| Gin.go:51:10:51:29 | call to GetString |
| Gin.go:55:3:55:28 | ... := ...[0] |
| Gin.go:59:10:59:23 | call to ClientIP |
| Gin.go:63:10:63:26 | call to ContentType |
| Gin.go:67:3:67:29 | ... := ...[0] |
| Gin.go:71:3:71:36 | ... := ...[0] |
| Gin.go:75:3:75:31 | ... := ...[0] |
| Gin.go:79:3:79:39 | ... := ...[0] |
| Gin.go:83:3:83:34 | ... := ...[0] |
| Gin.go:87:10:87:52 | call to DefaultPostForm |
| Gin.go:91:10:91:49 | call to DefaultQuery |
| Gin.go:95:3:95:37 | ... := ...[0] |
| Gin.go:99:3:99:34 | ... := ...[0] |
| Gin.go:103:10:103:32 | call to GetStringMap |
| Gin.go:107:10:107:38 | call to GetStringMapString |
| Gin.go:111:10:111:43 | call to GetStringMapStringSlice |
| Gin.go:115:10:115:31 | call to PostFormMap |
| Gin.go:119:10:119:28 | call to QueryMap |
| Gin.go:123:10:123:23 | call to FullPath |
| Gin.go:129:10:129:21 | selection of Accepted |
| Gin.go:133:10:133:19 | selection of Params |
| Gin.go:139:10:139:19 | selection of Params |
| Gin.go:143:10:143:19 | selection of Params |
| Gin.go:147:13:147:22 | selection of Params |
| Gin.go:153:12:153:21 | selection of Params |
| Gin.go:163:16:163:22 | &... [post-update] |
| Gin.go:168:16:168:28 | personPointer [post-update] |
| Gin.go:173:15:173:21 | &... [post-update] |
| Gin.go:178:15:178:27 | personPointer [post-update] |
| Gin.go:183:16:183:22 | &... [post-update] |
| Gin.go:188:16:188:28 | personPointer [post-update] |
| Gin.go:193:15:193:21 | &... [post-update] |
| Gin.go:198:15:198:27 | personPointer [post-update] |
| Gin.go:203:17:203:23 | &... [post-update] |
| Gin.go:208:17:208:29 | personPointer [post-update] |
| Gin.go:213:20:213:26 | &... [post-update] |
| Gin.go:218:20:218:32 | personPointer [post-update] |
| Gin.go:223:16:223:22 | &... [post-update] |
| Gin.go:228:16:228:28 | personPointer [post-update] |
| Gin.go:233:12:233:18 | &... [post-update] |
| Gin.go:238:12:238:24 | personPointer [post-update] |
| Gin.go:243:18:243:24 | &... [post-update] |
| Gin.go:248:18:248:30 | personPointer [post-update] |
| Gin.go:253:26:253:32 | &... [post-update] |
| Gin.go:258:26:258:38 | personPointer [post-update] |
| Gin.go:263:22:263:28 | &... [post-update] |
| Gin.go:268:22:268:34 | personPointer [post-update] |
| Gin.go:273:23:273:29 | &... [post-update] |
| Gin.go:278:23:278:35 | personPointer [post-update] |
| Gin.go:283:21:283:27 | &... [post-update] |
| Gin.go:288:21:288:33 | personPointer [post-update] |
| Gin.go:293:22:293:28 | &... [post-update] |
| Gin.go:298:22:298:34 | personPointer [post-update] |
| Gin.go:303:21:303:27 | &... [post-update] |
| Gin.go:308:21:308:33 | personPointer [post-update] |
| Gin.go:313:22:313:28 | &... [post-update] |
| Gin.go:318:22:318:34 | personPointer [post-update] |
| Gin.go:323:18:323:24 | &... [post-update] |
| Gin.go:328:18:328:30 | personPointer [post-update] |
| Gin.go:333:24:333:30 | &... [post-update] |
| Gin.go:338:24:338:36 | personPointer [post-update] |
