| parameter 0 | reset.go:12:2:12:21 | call to Reset | reset.go:12:15:12:20 | source [post-update] |
| parameter 0 | tst2.go:10:9:10:26 | call to NewEncoder | tst2.go:10:25:10:25 | w [post-update] |
| parameter 0 | tst2.go:10:9:10:39 | call to Encode | tst2.go:10:35:10:38 | data [post-update] |
| parameter 0 | tst.go:10:2:10:29 | call to ReadFrom | tst.go:10:23:10:28 | reader [post-update] |
| parameter 0 | tst.go:16:2:16:12 | call to test5 | tst.go:16:8:16:8 | x [post-update] |
| parameter 1 | tst.go:16:2:16:12 | call to test5 | tst.go:16:11:16:11 | y [post-update] |
| receiver | main.go:53:14:53:21 | call to bump | main.go:53:14:53:14 | c [post-update] |
| receiver | reset.go:12:2:12:21 | call to Reset | reset.go:12:2:12:7 | reader [post-update] |
| receiver | tst2.go:10:9:10:39 | call to Encode | tst2.go:10:9:10:26 | call to NewEncoder [post-update] |
| receiver | tst.go:10:2:10:29 | call to ReadFrom | tst.go:10:2:10:12 | bytesBuffer [post-update] |
| result | main.go:51:2:51:14 | call to op | main.go:51:2:51:14 | call to op |
| result | main.go:53:2:53:22 | call to op2 | main.go:53:2:53:22 | call to op2 |
| result | main.go:53:14:53:21 | call to bump | main.go:53:14:53:21 | call to bump |
| result | tst2.go:10:9:10:26 | call to NewEncoder | tst2.go:10:9:10:26 | call to NewEncoder |
| result | tst2.go:10:9:10:39 | call to Encode | tst2.go:10:9:10:39 | call to Encode |
| result | tst.go:9:17:9:33 | call to new | tst.go:9:17:9:33 | call to new |
| result 0 | main.go:51:2:51:14 | call to op | main.go:51:2:51:14 | call to op |
| result 0 | main.go:53:2:53:22 | call to op2 | main.go:53:2:53:22 | call to op2 |
| result 0 | main.go:53:14:53:21 | call to bump | main.go:53:14:53:21 | call to bump |
| result 0 | main.go:54:10:54:15 | call to test | main.go:54:2:54:15 | ... := ...[0] |
| result 0 | main.go:56:9:56:15 | call to test2 | main.go:56:2:56:15 | ... = ...[0] |
| result 0 | tst2.go:10:9:10:26 | call to NewEncoder | tst2.go:10:9:10:26 | call to NewEncoder |
| result 0 | tst2.go:10:9:10:39 | call to Encode | tst2.go:10:9:10:39 | call to Encode |
| result 0 | tst.go:9:17:9:33 | call to new | tst.go:9:17:9:33 | call to new |
| result 1 | main.go:54:10:54:15 | call to test | main.go:54:2:54:15 | ... := ...[1] |
| result 1 | main.go:56:9:56:15 | call to test2 | main.go:56:2:56:15 | ... = ...[1] |
