| crypto.go:9:14:9:31 | call to NewCipher | crypto.go:9:2:9:31 | ... := ...[0] |
| crypto.go:9:14:9:31 | call to NewCipher | crypto.go:9:2:9:31 | ... := ...[1] |
| crypto.go:10:15:10:34 | call to NewGCM | crypto.go:10:2:10:34 | ... := ...[0] |
| crypto.go:10:15:10:34 | call to NewGCM | crypto.go:10:2:10:34 | ... := ...[1] |
| crypto.go:11:18:11:57 | call to Open | crypto.go:11:2:11:57 | ... := ...[0] |
| crypto.go:11:18:11:57 | call to Open | crypto.go:11:2:11:57 | ... := ...[1] |
| crypto.go:11:42:11:51 | ciphertext | crypto.go:11:2:11:57 | ... := ...[0] |
| io.go:13:31:13:43 | "some string" | io.go:13:13:13:44 | call to NewReader |
| io.go:15:3:15:3 | definition of w | io.go:15:23:15:27 | &... [post-update] |
| io.go:15:3:15:3 | definition of w | io.go:15:30:15:34 | &... [post-update] |
| io.go:15:23:15:27 | &... | io.go:15:24:15:27 | buf1 [post-update] |
| io.go:15:23:15:27 | &... [post-update] | io.go:15:24:15:27 | buf1 [post-update] |
| io.go:15:24:15:27 | buf1 | io.go:15:23:15:27 | &... |
| io.go:15:30:15:34 | &... | io.go:15:31:15:34 | buf2 [post-update] |
| io.go:15:30:15:34 | &... [post-update] | io.go:15:31:15:34 | buf2 [post-update] |
| io.go:15:31:15:34 | buf2 | io.go:15:30:15:34 | &... |
| io.go:17:14:17:19 | reader | io.go:17:11:17:11 | w [post-update] |
| io.go:21:31:21:43 | "some string" | io.go:21:13:21:44 | call to NewReader |
| io.go:24:19:24:23 | &... | io.go:24:20:24:23 | buf1 [post-update] |
| io.go:24:19:24:23 | &... [post-update] | io.go:24:20:24:23 | buf1 [post-update] |
| io.go:24:20:24:23 | buf1 | io.go:24:19:24:23 | &... |
| io.go:26:21:26:26 | reader | io.go:26:17:26:18 | w2 [post-update] |
| io.go:30:31:30:43 | "some string" | io.go:30:13:30:44 | call to NewReader |
| io.go:32:19:32:23 | &... | io.go:32:20:32:23 | buf1 [post-update] |
| io.go:32:19:32:23 | &... [post-update] | io.go:32:20:32:23 | buf1 [post-update] |
| io.go:32:20:32:23 | buf1 | io.go:32:19:32:23 | &... |
| io.go:34:16:34:21 | reader | io.go:34:12:34:13 | w2 [post-update] |
| io.go:38:6:38:6 | definition of w | io.go:38:3:38:19 | ... := ...[0] |
| io.go:38:11:38:19 | call to Pipe | io.go:38:3:38:19 | ... := ...[0] |
| io.go:38:11:38:19 | call to Pipe | io.go:38:3:38:19 | ... := ...[1] |
| io.go:39:17:39:31 | "some string\\n" | io.go:39:14:39:14 | w [post-update] |
| io.go:42:16:42:16 | r | io.go:42:3:42:5 | buf [post-update] |
| io.go:43:13:43:15 | buf | io.go:43:13:43:24 | call to String |
| io.go:47:31:47:43 | "some string" | io.go:47:13:47:44 | call to NewReader |
| io.go:49:18:49:23 | reader | io.go:49:26:49:28 | buf [post-update] |
| io.go:53:31:53:43 | "some string" | io.go:53:13:53:44 | call to NewReader |
| io.go:55:15:55:20 | reader | io.go:55:23:55:25 | buf [post-update] |
| io.go:60:18:60:21 | &... | io.go:60:19:60:21 | buf [post-update] |
| io.go:60:18:60:21 | &... [post-update] | io.go:60:19:60:21 | buf [post-update] |
| io.go:60:19:60:21 | buf | io.go:60:18:60:21 | &... |
| io.go:61:21:61:26 | "test" | io.go:61:18:61:18 | w [post-update] |
| io.go:64:31:64:43 | "some string" | io.go:64:13:64:44 | call to NewReader |
| io.go:66:3:66:8 | reader | io.go:66:15:66:17 | buf [post-update] |
| io.go:69:31:69:43 | "some string" | io.go:69:13:69:44 | call to NewReader |
| io.go:71:3:71:8 | reader | io.go:71:17:71:19 | buf [post-update] |
| io.go:75:31:75:43 | "some string" | io.go:75:13:75:44 | call to NewReader |
| io.go:76:24:76:29 | reader | io.go:76:9:76:33 | call to LimitReader |
| io.go:77:22:77:23 | lr | io.go:77:11:77:19 | selection of Stdout [post-update] |
| io.go:81:27:81:36 | "reader1 " | io.go:81:9:81:37 | call to NewReader |
| io.go:82:27:82:36 | "reader2 " | io.go:82:9:82:37 | call to NewReader |
| io.go:83:27:83:35 | "reader3" | io.go:83:9:83:36 | call to NewReader |
| io.go:84:23:84:24 | r1 | io.go:84:8:84:33 | call to MultiReader |
| io.go:84:27:84:28 | r2 | io.go:84:8:84:33 | call to MultiReader |
| io.go:84:31:84:32 | r3 | io.go:84:8:84:33 | call to MultiReader |
| io.go:85:22:85:22 | r | io.go:85:11:85:19 | selection of Stdout [post-update] |
| io.go:88:26:88:38 | "some string" | io.go:88:8:88:39 | call to NewReader |
| io.go:90:23:90:23 | r | io.go:90:10:90:30 | call to TeeReader |
| io.go:90:23:90:23 | r | io.go:90:26:90:29 | &... [post-update] |
| io.go:90:26:90:29 | &... | io.go:90:27:90:29 | buf [post-update] |
| io.go:90:26:90:29 | &... [post-update] | io.go:90:27:90:29 | buf [post-update] |
| io.go:90:27:90:29 | buf | io.go:90:26:90:29 | &... |
| io.go:92:22:92:24 | tee | io.go:92:11:92:19 | selection of Stdout [post-update] |
| io.go:95:26:95:38 | "some string" | io.go:95:8:95:39 | call to NewReader |
| io.go:96:28:96:28 | r | io.go:96:8:96:36 | call to NewSectionReader |
| io.go:97:22:97:22 | s | io.go:97:11:97:19 | selection of Stdout [post-update] |
| io.go:100:26:100:38 | "some string" | io.go:100:8:100:39 | call to NewReader |
| io.go:101:3:101:3 | r | io.go:101:13:101:21 | selection of Stdout [post-update] |
| main.go:11:12:11:26 | call to Marshal | main.go:11:2:11:26 | ... := ...[0] |
| main.go:11:12:11:26 | call to Marshal | main.go:11:2:11:26 | ... := ...[1] |
| main.go:11:25:11:25 | v | main.go:11:2:11:26 | ... := ...[0] |
| main.go:13:14:13:52 | call to MarshalIndent | main.go:13:2:13:52 | ... := ...[0] |
| main.go:13:14:13:52 | call to MarshalIndent | main.go:13:2:13:52 | ... := ...[1] |
| main.go:13:33:13:33 | v | main.go:13:2:13:52 | ... := ...[0] |
| main.go:13:36:13:45 | "/*JSON*/" | main.go:13:2:13:52 | ... := ...[0] |
| main.go:13:48:13:51 | "  " | main.go:13:2:13:52 | ... := ...[0] |
| main.go:19:18:19:42 | call to DecodeString | main.go:19:2:19:42 | ... := ...[0] |
| main.go:19:18:19:42 | call to DecodeString | main.go:19:2:19:42 | ... := ...[1] |
| main.go:19:35:19:41 | encoded | main.go:19:2:19:42 | ... := ...[0] |
| main.go:28:2:28:4 | implicit dereference | main.go:28:2:28:4 | req [post-update] |
| main.go:28:2:28:4 | implicit dereference | main.go:28:2:28:9 | selection of Body |
| main.go:28:2:28:4 | req | main.go:28:2:28:4 | implicit dereference |
| main.go:28:2:28:9 | selection of Body | main.go:28:16:28:16 | b [post-update] |
